projects/amazon-trend-analyzer/qb_chunks/page_563_skip563000.csv
ASIN Buyability Flag,asin_status,CVR%,revenue,asp,units,gv,Images #,Videos #,Has A+ Content,Buybox Winner,Average Rating,Number of Ratings,bb_price,Ad CTR%,Ad CVR%,bsr,brand,Ad CPC$,ASIN (Description),Update Type,Sold By Amazon,Has Coupon?,Has Store Link?,In Stock Today?,category,Sellable On Hand Units,asin,date,Ad Cost,Ad Sales,Ad Clicks,Ad Impressions,Ad Conversions
In Stock,ACTIVE,0.27,285.0,16.79,17.0,63.0,6.0,0.0,False,,4.0,1804.0,16.79,,,13.0,Arm & Hammer,,"B0CYCT726F (Arm & Hammer Lrg. Diapers-18""-23"" Waist - 12 Pack & *** 2 Pc Multi-Pk ***)",[],True,False,True,True,Waste Management,262.0,B0CYCT726F,2025-12-31,,,,,
In Stock,ACTIVE,0.302,268.0,16.78,16.0,53.0,6.0,0.0,False,,4.0,1804.0,16.79,,,14.0,Arm & Hammer,,"B0CYCT726F (Arm & Hammer Lrg. Diapers-18""-23"" Waist - 12 Pack & *** 2 Pc Multi-Pk ***)",[],True,True,True,True,Waste Management,298.0,B0CYCT726F,2025-12-30,,,,,
In Stock,ACTIVE,0.282,336.0,16.79,20.0,71.0,6.0,0.0,False,,4.0,1804.0,16.76,,,14.0,Arm & Hammer,,"B0CYCT726F (Arm & Hammer Lrg. Diapers-18""-23"" Waist - 12 Pack & *** 2 Pc Multi-Pk ***)",[],True,True,True,True,Waste Management,270.0,B0CYCT726F,2025-12-29,,,,,
In Stock,ACTIVE,0.25,335.0,16.76,20.0,80.0,6.0,0.0,False,,4.0,1804.0,16.76,,,14.0,Arm & Hammer,,"B0CYCT726F (Arm & Hammer Lrg. Diapers-18""-23"" Waist - 12 Pack & *** 2 Pc Multi-Pk ***)",[],True,True,True,True,Waste Management,324.0,B0CYCT726F,2025-12-28,,,,,
In Stock,ACTIVE,0.114,151.0,16.73,9.0,79.0,6.0,0.0,False,,4.0,1804.0,16.74,,,16.0,Arm & Hammer,,"B0CYCT726F (Arm & Hammer Lrg. Diapers-18""-23"" Waist - 12 Pack & *** 2 Pc Multi-Pk ***)",[],True,True,True,True,Waste Management,281.0,B0CYCT726F,2025-12-27,,,,,
In Stock,ACTIVE,0.232,268.0,16.74,16.0,69.0,6.0,0.0,False,,4.0,1803.0,16.74,,,16.0,Arm & Hammer,,"B0CYCT726F (Arm & Hammer Lrg. Diapers-18""-23"" Waist - 12 Pack & *** 2 Pc Multi-Pk ***)",[],True,True,True,True,Waste Management,280.0,B0CYCT726F,2025-12-26,,,,,
In Stock,ACTIVE,0.122,100.0,16.7,6.0,49.0,6.0,0.0,False,,4.0,1803.0,17.0,,,13.0,Arm & Hammer,,"B0CYCT726F (Arm & Hammer Lrg. Diapers-18""-23"" Waist - 12 Pack & *** 2 Pc Multi-Pk ***)",[],True,True,True,True,Waste Management,292.0,B0CYCT726F,2025-12-25,,,,,
In Stock,ACTIVE,0.163,119.0,17.0,7.0,43.0,6.0,0.0,False,,4.0,1803.0,17.0,,,14.0,Arm & Hammer,,"B0CYCT726F (Arm & Hammer Lrg. Diapers-18""-23"" Waist - 12 Pack & *** 2 Pc Multi-Pk ***)",[],True,True,True,True,Waste Management,292.0,B0CYCT726F,2025-12-24,,,,,
In Stock,ACTIVE,0.277,221.0,16.97,13.0,47.0,6.0,0.0,False,,4.0,1804.0,17.0,,,15.0,Arm & Hammer,,"B0CYCT726F (Arm & Hammer Lrg. Diapers-18""-23"" Waist - 12 Pack & *** 2 Pc Multi-Pk ***)",[],True,True,True,True,Waste Management,293.0,B0CYCT726F,2025-12-23,,,,,
In Stock,ACTIVE,0.292,237.0,16.96,14.0,48.0,6.0,0.0,False,,4.0,1804.0,17.0,,,14.0,Arm & Hammer,,"B0CYCT726F (Arm & Hammer Lrg. Diapers-18""-23"" Waist - 12 Pack & *** 2 Pc Multi-Pk ***)",[],True,True,True,True,Waste Management,266.0,B0CYCT726F,2025-12-22,,,,,
In Stock,ACTIVE,0.273,254.0,16.95,15.0,55.0,6.0,0.0,False,,4.0,1804.0,16.93,,,14.0,Arm & Hammer,,"B0CYCT726F (Arm & Hammer Lrg. Diapers-18""-23"" Waist - 12 Pack & *** 2 Pc Multi-Pk ***)",[],True,True,True,True,Waste Management,272.0,B0CYCT726F,2025-12-21,,,,,
In Stock,ACTIVE,0.254,271.0,16.93,16.0,63.0,6.0,0.0,False,,4.0,1803.0,16.93,,,14.0,Arm & Hammer,,"B0CYCT726F (Arm & Hammer Lrg. Diapers-18""-23"" Waist - 12 Pack & *** 2 Pc Multi-Pk ***)",[],True,True,True,True,Waste Management,276.0,B0CYCT726F,2025-12-20,,,,,
In Stock,ACTIVE,0.308,270.0,16.9,16.0,52.0,6.0,0.0,False,,4.0,1803.0,16.81,,,14.0,Arm & Hammer,,"B0CYCT726F (Arm & Hammer Lrg. Diapers-18""-23"" Waist - 12 Pack & *** 2 Pc Multi-Pk ***)",[],True,True,True,True,Waste Management,285.0,B0CYCT726F,2025-12-19,,,,,
In Stock,ACTIVE,0.364,336.0,16.81,20.0,55.0,6.0,0.0,False,,4.0,1802.0,16.81,,,14.0,Arm & Hammer,,"B0CYCT726F (Arm & Hammer Lrg. Diapers-18""-23"" Waist - 12 Pack & *** 2 Pc Multi-Pk ***)",[],True,True,True,True,Waste Management,308.0,B0CYCT726F,2025-12-18,,,,,
In Stock,ACTIVE,0.362,487.0,16.81,29.0,80.0,6.0,0.0,False,,4.0,1802.0,16.86,,,14.0,Arm & Hammer,,"B0CYCT726F (Arm & Hammer Lrg. Diapers-18""-23"" Waist - 12 Pack & *** 2 Pc Multi-Pk ***)",[],True,True,True,True,Waste Management,273.0,B0CYCT726F,2025-12-17,,,,,
In Stock,ACTIVE,0.327,303.0,16.85,18.0,55.0,6.0,0.0,False,,4.0,1802.0,16.88,,,14.0,Arm & Hammer,,"B0CYCT726F (Arm & Hammer Lrg. Diapers-18""-23"" Waist - 12 Pack & *** 2 Pc Multi-Pk ***)",[],True,True,True,True,Waste Management,277.0,B0CYCT726F,2025-12-16,,,,,
In Stock,ACTIVE,0.389,354.0,16.87,21.0,54.0,6.0,0.0,False,,4.0,1802.0,17.06,,,14.0,Arm & Hammer,,"B0CYCT726F (Arm & Hammer Lrg. Diapers-18""-23"" Waist - 12 Pack & *** 2 Pc Multi-Pk ***)",[],True,True,True,True,Waste Management,276.0,B0CYCT726F,2025-12-15,,,,,
In Stock,ACTIVE,0.361,375.0,17.05,22.0,61.0,6.0,0.0,False,,4.0,1802.0,17.06,,,14.0,Arm & Hammer,,"B0CYCT726F (Arm & Hammer Lrg. Diapers-18""-23"" Waist - 12 Pack & *** 2 Pc Multi-Pk ***)",[],True,True,True,True,Waste Management,265.0,B0CYCT726F,2025-12-14,,,,,
In Stock,ACTIVE,0.226,205.0,17.06,12.0,53.0,6.0,0.0,False,,4.0,1802.0,17.06,,,12.0,Arm & Hammer,,"B0CYCT726F (Arm & Hammer Lrg. Diapers-18""-23"" Waist - 12 Pack & *** 2 Pc Multi-Pk ***)",[],True,True,True,True,Waste Management,265.0,B0CYCT726F,2025-12-13,,,,,
In Stock,ACTIVE,0.298,285.0,16.76,17.0,57.0,6.0,0.0,False,,4.0,1801.0,17.06,,,12.0,Arm & Hammer,,"B0CYCT726F (Arm & Hammer Lrg. Diapers-18""-23"" Waist - 12 Pack & *** 2 Pc Multi-Pk ***)",[],True,True,True,True,Waste Management,292.0,B0CYCT726F,2025-12-12,,,,,
In Stock,ACTIVE,0.144,238.0,17.02,14.0,97.0,6.0,0.0,False,,4.0,1800.0,16.9,,,14.0,Arm & Hammer,,"B0CYCT726F (Arm & Hammer Lrg. Diapers-18""-23"" Waist - 12 Pack & *** 2 Pc Multi-Pk ***)",[],True,True,True,True,Waste Management,272.0,B0CYCT726F,2025-12-11,,,,,
In Stock,ACTIVE,0.247,373.0,16.95,22.0,89.0,6.0,0.0,False,,4.0,1799.0,17.05,,,14.0,Arm & Hammer,,"B0CYCT726F (Arm & Hammer Lrg. Diapers-18""-23"" Waist - 12 Pack & *** 2 Pc Multi-Pk ***)",[],True,True,True,True,Waste Management,273.0,B0CYCT726F,2025-12-10,,,,,
In Stock,ACTIVE,0.174,205.0,17.05,12.0,69.0,6.0,0.0,False,,4.0,1799.0,17.06,,,14.0,Arm & Hammer,,"B0CYCT726F (Arm & Hammer Lrg. Diapers-18""-23"" Waist - 12 Pack & *** 2 Pc Multi-Pk ***)",[],True,True,True,True,Waste Management,264.0,B0CYCT726F,2025-12-09,,,,,
In Stock,ACTIVE,0.231,256.0,17.06,15.0,65.0,6.0,0.0,False,,4.0,1799.0,17.06,,,13.0,Arm & Hammer,,"B0CYCT726F (Arm & Hammer Lrg. Diapers-18""-23"" Waist - 12 Pack & *** 2 Pc Multi-Pk ***)",[],True,True,True,True,Waste Management,251.0,B0CYCT726F,2025-12-08,,,,,
In Stock,ACTIVE,0.213,324.0,17.06,19.0,89.0,6.0,0.0,False,,4.0,1799.0,17.06,,,13.0,Arm & Hammer,,"B0CYCT726F (Arm & Hammer Lrg. Diapers-18""-23"" Waist - 12 Pack & *** 2 Pc Multi-Pk ***)",[],True,True,True,True,Waste Management,251.0,B0CYCT726F,2025-12-07,,,,,
In Stock,ACTIVE,0.146,239.0,17.1,14.0,96.0,6.0,0.0,False,,4.0,1799.0,17.06,,,12.0,Arm & Hammer,,"B0CYCT726F (Arm & Hammer Lrg. Diapers-18""-23"" Waist - 12 Pack & *** 2 Pc Multi-Pk ***)",[],True,True,True,True,Waste Management,268.0,B0CYCT726F,2025-12-06,,,,,
In Stock,ACTIVE,0.295,478.0,17.06,28.0,95.0,6.0,0.0,False,,4.0,1797.0,17.06,,,12.0,Arm & Hammer,,"B0CYCT726F (Arm & Hammer Lrg. Diapers-18""-23"" Waist - 12 Pack & *** 2 Pc Multi-Pk ***)",[],True,True,True,True,Waste Management,280.0,B0CYCT726F,2025-12-05,,,,,
In Stock,ACTIVE,0.229,322.0,16.96,19.0,83.0,6.0,0.0,False,,4.0,1797.0,17.06,,,13.0,Arm & Hammer,,"B0CYCT726F (Arm & Hammer Lrg. Diapers-18""-23"" Waist - 12 Pack & *** 2 Pc Multi-Pk ***)",[],True,True,True,True,Waste Management,321.0,B0CYCT726F,2025-12-04,,,,,
In Stock,ACTIVE,0.188,324.0,17.06,19.0,101.0,6.0,0.0,False,,4.0,1796.0,17.06,,,17.0,Arm & Hammer,,"B0CYCT726F (Arm & Hammer Lrg. Diapers-18""-23"" Waist - 12 Pack & *** 2 Pc Multi-Pk ***)",[],True,True,True,True,Waste Management,360.0,B0CYCT726F,2025-12-03,,,,,
In Stock,ACTIVE,0.165,341.0,17.06,20.0,121.0,6.0,0.0,False,,4.0,1796.0,17.06,,,18.0,Arm & Hammer,,"B0CYCT726F (Arm & Hammer Lrg. Diapers-18""-23"" Waist - 12 Pack & *** 2 Pc Multi-Pk ***)",[],True,True,True,True,Waste Management,343.0,B0CYCT726F,2025-12-02,,,,,
In Stock,ACTIVE,0.359,478.0,17.06,28.0,78.0,6.0,0.0,False,,4.0,1796.0,17.06,,,16.0,Arm & Hammer,,"B0CYCT726F (Arm & Hammer Lrg. Diapers-18""-23"" Waist - 12 Pack & *** 2 Pc Multi-Pk ***)",[],True,True,True,True,Waste Management,344.0,B0CYCT726F,2025-12-01,,,,,
In Stock,ACTIVE,0.198,324.0,17.06,19.0,96.0,6.0,0.0,False,,4.0,1796.0,17.06,,,17.0,Arm & Hammer,,"B0CYCT726F (Arm & Hammer Lrg. Diapers-18""-23"" Waist - 12 Pack & *** 2 Pc Multi-Pk ***)",[],True,True,True,True,Waste Management,337.0,B0CYCT726F,2025-11-30,,,,,
In Stock,ACTIVE,0.103,171.0,17.06,10.0,97.0,6.0,0.0,False,,4.0,1796.0,17.06,,,14.0,Arm & Hammer,,"B0CYCT726F (Arm & Hammer Lrg. Diapers-18""-23"" Waist - 12 Pack & *** 2 Pc Multi-Pk ***)",[],True,True,True,True,Waste Management,333.0,B0CYCT726F,2025-11-29,,,,,
In Stock,ACTIVE,0.232,392.0,17.06,23.0,99.0,6.0,0.0,False,,4.0,1796.0,17.06,,,13.0,Arm & Hammer,,"B0CYCT726F (Arm & Hammer Lrg. Diapers-18""-23"" Waist - 12 Pack & *** 2 Pc Multi-Pk ***)",[],True,True,True,True,Waste Management,352.0,B0CYCT726F,2025-11-28,,,,,
In Stock,ACTIVE,0.183,188.0,17.06,11.0,60.0,6.0,0.0,False,,4.0,1796.0,17.06,,,14.0,Arm & Hammer,,"B0CYCT726F (Arm & Hammer Lrg. Diapers-18""-23"" Waist - 12 Pack & *** 2 Pc Multi-Pk ***)",[],True,True,True,True,Waste Management,344.0,B0CYCT726F,2025-11-27,,,,,
In Stock,ACTIVE,0.182,205.0,17.06,12.0,66.0,6.0,0.0,False,,4.0,1796.0,17.06,,,14.0,Arm & Hammer,,"B0CYCT726F (Arm & Hammer Lrg. Diapers-18""-23"" Waist - 12 Pack & *** 2 Pc Multi-Pk ***)",[],True,True,True,True,Waste Management,384.0,B0CYCT726F,2025-11-26,,,,,
In Stock,ACTIVE,0.302,444.0,17.06,26.0,86.0,6.0,0.0,False,,4.0,1797.0,17.06,,,14.0,Arm & Hammer,,"B0CYCT726F (Arm & Hammer Lrg. Diapers-18""-23"" Waist - 12 Pack & *** 2 Pc Multi-Pk ***)",[],True,True,True,True,Waste Management,316.0,B0CYCT726F,2025-11-25,,,,,
In Stock,ACTIVE,0.27,409.0,17.06,24.0,89.0,6.0,0.0,False,,4.0,1797.0,17.06,,,14.0,Arm & Hammer,,"B0CYCT726F (Arm & Hammer Lrg. Diapers-18""-23"" Waist - 12 Pack & *** 2 Pc Multi-Pk ***)",[],True,True,True,True,Waste Management,340.0,B0CYCT726F,2025-11-24,,,,,
In Stock,ACTIVE,0.244,375.0,17.06,22.0,90.0,6.0,0.0,False,,4.0,1797.0,17.06,,,14.0,Arm & Hammer,,"B0CYCT726F (Arm & Hammer Lrg. Diapers-18""-23"" Waist - 12 Pack & *** 2 Pc Multi-Pk ***)",[],True,True,True,True,Waste Management,336.0,B0CYCT726F,2025-11-23,,,,,
In Stock,ACTIVE,0.268,371.0,16.87,22.0,82.0,6.0,0.0,False,,4.1,1797.0,17.06,,,14.0,Arm & Hammer,,"B0CYCT726F (Arm & Hammer Lrg. Diapers-18""-23"" Waist - 12 Pack & *** 2 Pc Multi-Pk ***)",[],True,True,True,True,Waste Management,352.0,B0CYCT726F,2025-11-22,,,,,
In Stock,ACTIVE,0.301,469.0,16.76,28.0,93.0,6.0,0.0,False,,4.0,1796.0,17.06,,,14.0,Arm & Hammer,,"B0CYCT726F (Arm & Hammer Lrg. Diapers-18""-23"" Waist - 12 Pack & *** 2 Pc Multi-Pk ***)",[],True,True,True,True,Waste Management,330.0,B0CYCT726F,2025-11-21,,,,,
In Stock,ACTIVE,0.165,252.0,16.78,15.0,91.0,6.0,0.0,False,,4.1,1792.0,17.06,,,9.0,Arm & Hammer,,"B0CYCT726F (Arm & Hammer Lrg. Diapers-18""-23"" Waist - 12 Pack & *** 2 Pc Multi-Pk ***)",[],True,True,True,True,Waste Management,356.0,B0CYCT726F,2025-11-20,,,,,
In Stock,ACTIVE,0.107,165.0,18.35,9.0,84.0,6.0,0.0,False,,4.1,3704.0,17.06,,,7.0,Arm & Hammer,,"B0CYCT726F (Arm & Hammer Lrg. Diapers-18""-23"" Waist - 12 Pack & *** 2 Pc Multi-Pk ***)",[],True,True,True,True,Waste Management,386.0,B0CYCT726F,2025-11-19,,,,,
In Stock,ACTIVE,0.188,103.0,17.13,6.0,32.0,6.0,0.0,False,,4.1,3703.0,17.06,,,8.0,Arm & Hammer,,"B0CYCT726F (Arm & Hammer Lrg. Diapers-18""-23"" Waist - 12 Pack & *** 2 Pc Multi-Pk ***)",[],True,True,True,True,Waste Management,376.0,B0CYCT726F,2025-11-18,,,,,
In Stock,ACTIVE,0.429,204.0,17.02,12.0,28.0,6.0,0.0,False,,4.1,3703.0,17.06,,,8.0,Arm & Hammer,,"B0CYCT726F (Arm & Hammer Lrg. Diapers-18""-23"" Waist - 12 Pack & *** 2 Pc Multi-Pk ***)",[],True,True,True,True,Waste Management,296.0,B0CYCT726F,2025-11-17,,,,,
In Stock,ACTIVE,0.293,290.0,17.06,17.0,58.0,6.0,0.0,False,,4.1,3703.0,17.06,,,8.0,Arm & Hammer,,"B0CYCT726F (Arm & Hammer Lrg. Diapers-18""-23"" Waist - 12 Pack & *** 2 Pc Multi-Pk ***)",[],True,True,True,True,Waste Management,297.0,B0CYCT726F,2025-11-16,,,,,
In Stock,ACTIVE,0.263,256.0,17.06,15.0,57.0,6.0,0.0,False,,4.1,3703.0,17.06,,,7.0,Arm & Hammer,,"B0CYCT726F (Arm & Hammer Lrg. Diapers-18""-23"" Waist - 12 Pack & *** 2 Pc Multi-Pk ***)",[],True,True,True,True,Waste Management,316.0,B0CYCT726F,2025-11-15,,,,,
In Stock,ACTIVE,0.231,154.0,17.06,9.0,39.0,6.0,0.0,False,,4.1,3703.0,17.06,,,7.0,Arm & Hammer,,"B0CYCT726F (Arm & Hammer Lrg. Diapers-18""-23"" Waist - 12 Pack & *** 2 Pc Multi-Pk ***)",[],True,True,True,True,Waste Management,332.0,B0CYCT726F,2025-11-14,,,,,
In Stock,ACTIVE,0.244,188.0,17.06,11.0,45.0,6.0,0.0,False,,4.1,3703.0,17.06,,,8.0,Arm & Hammer,,"B0CYCT726F (Arm & Hammer Lrg. Diapers-18""-23"" Waist - 12 Pack & *** 2 Pc Multi-Pk ***)",[],True,True,True,True,Waste Management,315.0,B0CYCT726F,2025-11-13,,,,,
In Stock,ACTIVE,0.18,188.0,17.06,11.0,61.0,6.0,0.0,False,,4.1,3703.0,17.06,,,8.0,Arm & Hammer,,"B0CYCT726F (Arm & Hammer Lrg. Diapers-18""-23"" Waist - 12 Pack & *** 2 Pc Multi-Pk ***)",[],True,True,True,True,Waste Management,305.0,B0CYCT726F,2025-11-12,,,,,
In Stock,ACTIVE,0.215,239.0,17.06,14.0,65.0,6.0,0.0,False,,4.1,3702.0,17.06,,,8.0,Arm & Hammer,,"B0CYCT726F (Arm & Hammer Lrg. Diapers-18""-23"" Waist - 12 Pack & *** 2 Pc Multi-Pk ***)",[],True,True,True,True,Waste Management,274.0,B0CYCT726F,2025-11-11,,,,,
In Stock,ACTIVE,0.327,307.0,17.06,18.0,55.0,6.0,0.0,False,,4.1,3702.0,17.06,,,8.0,Arm & Hammer,,"B0CYCT726F (Arm & Hammer Lrg. Diapers-18""-23"" Waist - 12 Pack & *** 2 Pc Multi-Pk ***)",[],True,False,True,True,Waste Management,284.0,B0CYCT726F,2025-11-10,,,,,
In Stock,ACTIVE,0.19,188.0,17.1,11.0,58.0,6.0,0.0,False,,4.1,3702.0,17.06,,,8.0,Arm & Hammer,,"B0CYCT726F (Arm & Hammer Lrg. Diapers-18""-23"" Waist - 12 Pack & *** 2 Pc Multi-Pk ***)",[],True,True,True,True,Waste Management,278.0,B0CYCT726F,2025-11-09,,,,,
In Stock,ACTIVE,0.239,188.0,17.06,11.0,46.0,6.0,0.0,False,,4.1,3702.0,17.06,,,8.0,Arm & Hammer,,"B0CYCT726F (Arm & Hammer Lrg. Diapers-18""-23"" Waist - 12 Pack & *** 2 Pc Multi-Pk ***)",[],True,False,True,True,Waste Management,293.0,B0CYCT726F,2025-11-08,,,,,
In Stock,ACTIVE,0.16,136.0,17.06,8.0,50.0,6.0,0.0,False,,4.1,3702.0,17.06,,,8.0,Arm & Hammer,,"B0CYCT726F (Arm & Hammer Lrg. Diapers-18""-23"" Waist - 12 Pack & *** 2 Pc Multi-Pk ***)",[],True,True,True,True,Waste Management,274.0,B0CYCT726F,2025-11-07,,,,,
In Stock,ACTIVE,0.204,170.0,16.97,10.0,49.0,6.0,0.0,False,,4.1,3700.0,17.06,,,7.0,Arm & Hammer,,"B0CYCT726F (Arm & Hammer Lrg. Diapers-18""-23"" Waist - 12 Pack & *** 2 Pc Multi-Pk ***)",[],True,False,True,True,Waste Management,290.0,B0CYCT726F,2025-11-05,,,,,
In Stock,ACTIVE,0.269,120.0,17.11,7.0,26.0,6.0,0.0,False,,4.1,3699.0,17.06,,,8.0,Arm & Hammer,,"B0CYCT726F (Arm & Hammer Lrg. Diapers-18""-23"" Waist - 12 Pack & *** 2 Pc Multi-Pk ***)",[],True,True,True,True,Waste Management,256.0,B0CYCT726F,2025-11-04,,,,,
In Stock,ACTIVE,0.355,188.0,17.12,11.0,31.0,6.0,0.0,False,,4.1,3699.0,17.06,,,7.0,Arm & Hammer,,"B0CYCT726F (Arm & Hammer Lrg. Diapers-18""-23"" Waist - 12 Pack & *** 2 Pc Multi-Pk ***)",[],True,True,True,True,Waste Management,247.0,B0CYCT726F,2025-11-03,,,,,
In Stock,ACTIVE,0.125,103.0,17.18,6.0,48.0,6.0,0.0,False,,4.1,3699.0,17.06,,,7.0,Arm & Hammer,,"B0CYCT726F (Arm & Hammer Lrg. Diapers-18""-23"" Waist - 12 Pack & *** 2 Pc Multi-Pk ***)",[],True,True,True,True,Waste Management,262.0,B0CYCT726F,2025-11-02,,,,,
In Stock,ACTIVE,0.28,238.0,17.01,14.0,50.0,6.0,0.0,False,,4.1,3698.0,17.06,,,7.0,Arm & Hammer,,"B0CYCT726F (Arm & Hammer Lrg. Diapers-18""-23"" Waist - 12 Pack & *** 2 Pc Multi-Pk ***)",[],True,True,True,True,Waste Management,281.0,B0CYCT726F,2025-11-01,,,,,
In Stock,ACTIVE,0.273,202.0,16.86,12.0,44.0,6.0,0.0,False,,4.1,3698.0,16.62,,,7.0,Arm & Hammer,,"B0CYCT726F (Arm & Hammer Lrg. Diapers-18""-23"" Waist - 12 Pack & *** 2 Pc Multi-Pk ***)",[],True,True,True,True,Waste Management,284.0,B0CYCT726F,2025-10-31,,,,,
In Stock,ACTIVE,0.469,382.0,16.62,23.0,49.0,6.0,0.0,False,,4.1,3698.0,16.62,,,9.0,Arm & Hammer,,"B0CYCT726F (Arm & Hammer Lrg. Diapers-18""-23"" Waist - 12 Pack & *** 2 Pc Multi-Pk ***)",[],True,True,True,True,Waste Management,310.0,B0CYCT726F,2025-10-30,,,,,
In Stock,ACTIVE,0.111,100.0,16.65,6.0,54.0,6.0,0.0,False,,4.1,3698.0,16.68,,,9.0,Arm & Hammer,,"B0CYCT726F (Arm & Hammer Lrg. Diapers-18""-23"" Waist - 12 Pack & *** 2 Pc Multi-Pk ***)",[],True,True,True,True,Waste Management,295.0,B0CYCT726F,2025-10-29,,,,,
In Stock,ACTIVE,0.268,183.0,16.67,11.0,41.0,6.0,0.0,False,,4.1,3698.0,16.68,,,9.0,Arm & Hammer,,"B0CYCT726F (Arm & Hammer Lrg. Diapers-18""-23"" Waist - 12 Pack & *** 2 Pc Multi-Pk ***)",[],True,True,True,True,Waste Management,287.0,B0CYCT726F,2025-10-28,,,,,
In Stock,ACTIVE,0.267,200.0,16.66,12.0,45.0,6.0,0.0,False,,4.1,3696.0,16.63,,,9.0,Arm & Hammer,,"B0CYCT726F (Arm & Hammer Lrg. Diapers-18""-23"" Waist - 12 Pack & *** 2 Pc Multi-Pk ***)",[],True,True,True,True,Waste Management,280.0,B0CYCT726F,2025-10-27,,,,,
In Stock,ACTIVE,0.209,233.0,16.61,14.0,67.0,6.0,0.0,False,,4.2,3697.0,16.63,,,9.0,Arm & Hammer,,"B0CYCT726F (Arm & Hammer Lrg. Diapers-18""-23"" Waist - 12 Pack & *** 2 Pc Multi-Pk ***)",[],True,True,True,True,Waste Management,269.0,B0CYCT726F,2025-10-26,,,,,
In Stock,ACTIVE,0.28,233.0,16.62,14.0,50.0,6.0,0.0,False,,4.1,3695.0,16.63,,,9.0,Arm & Hammer,,"B0CYCT726F (Arm & Hammer Lrg. Diapers-18""-23"" Waist - 12 Pack & *** 2 Pc Multi-Pk ***)",[],True,True,True,True,Waste Management,248.0,B0CYCT726F,2025-10-25,,,,,
